__isoc99_sscanf scope__iso99_sscanf
__vfprintf_chk scope___vfprintf_chk
__vsnprintf_chk scope___vsnprintf_chk
calloc scopelibc_calloc
clock_gettime scopelibc_clock_gettime
fclose scopelibc_fclose
fdopen scopelibc_fdopen
ferror scopelibc_ferror
fflush scopelibc_fflush
fgets scopelibc_fgets
fileno scopelibc_fileno
fopen scopelibc_fopen
fopen64 scopelibc_fopen64
fputc scopelibc_fputc
fputs scopelibc_fputs
fread scopelibc_fread
free scopelibc_free
fwrite scopelibc_fwrite
localeconv scopelibc_localeconv
madvise scopelibc_madvise
malloc scopelibc_malloc
memchr scopelibc_memchr
memcmp scopelibc_memcmp
memcpy scopelibc_memcpy
memmove scopelibc_memmove
memset scopelibc_memset
mmap scopelibc_mmap
mprotect scopelibc_mprotect
munmap scopelibc_munmap
qsort scopelibc_qsort
qsort_r scopelibc_qsort_r
realloc scopelibc_realloc
sprintf scopelibc_sprintf
sscanf scopelibc_sscanf
strcasecmp scopelibc_strcasecmp
strcat scopelibc_strcat
strchr scopelibc_strchr
strcmp scopelibc_strcmp
strcpy scopelibc_strcpy
strcspn scopelibc_strcspn
strdup scopelibc_strdup
strlen scopelibc_strlen
strncasecmp scopelibc_strncasecmp
strncmp scopelibc_strncmp
strncpy scopelibc_strncpy
strrchr scopelibc_strrchr
strtod scopelibc_strtod
vfprintf scopelibc_vfprintf
vsnprintf scopelibc_vsnprintf
