SCOPE_UNW__assert_fail __assert_fail
SCOPE_UNW__tls_get_addr __tls_get_addr
SCOPE_UNW__errno_location __errno_location
SCOPE_UNW__stack_chk_fail __stack_chk_fail
SCOPE_UNW__stack_chk_guard __stack_chk_guard
SCOPE_UNWabort abort
SCOPE_UNWatoi atoi
SCOPE_UNWclose close
SCOPE_UNWdl_iterate_phdr dl_iterate_phdr
SCOPE_UNWfree free
SCOPE_UNWfprintf fprintf
SCOPE_UNWfwrite fwrite
SCOPE_UNWfstat fstat
SCOPE_UNWgetenv getenv
SCOPE_UNWgetpagesize getpagesize
SCOPE_UNWgetpid getpid
SCOPE_UNWmalloc malloc
SCOPE_UNWmemchr memchr
SCOPE_UNWmemcmp memcmp
SCOPE_UNWmemcpy memcpy
SCOPE_UNWmemmove memmove
SCOPE_UNWmemset memset
SCOPE_UNWmincore mincore
SCOPE_UNWmmap mmap
SCOPE_UNWmsync msync
SCOPE_UNWmunmap munmap
SCOPE_UNWopen open
SCOPE_UNWpipe2 pipe2
SCOPE_UNWpthread_key_create pthread_key_create
SCOPE_UNWpthread_once pthread_once
SCOPE_UNWpthread_setspecific pthread_setspecific
SCOPE_UNWread read
SCOPE_UNWsetbuf setbuf
SCOPE_UNWsigfillset sigfillset
SCOPE_UNWsigprocmask sigprocmask
SCOPE_UNWsnprintf snprintf
SCOPE_UNWstat stat
SCOPE_UNWstderr stderr
SCOPE_UNWstdout stdout
SCOPE_UNWstrcat strcat
SCOPE_UNWstrcmp strcmp
SCOPE_UNWstrcpy strcpy
SCOPE_UNWstrerror strerror
SCOPE_UNWstrlen strlen
SCOPE_UNWstrncpy strncpy
SCOPE_UNWstrrchr strrchr
SCOPE_UNWsyscall syscall
SCOPE_UNWsysconf sysconf
SCOPE_UNWwrite write
SCOPE_UNWuncompress uncompress
SCOPE_UNWtls_cache tls_cache
SCOPE_UNWtls_cache_destroyed tls_cache_destroyed
SCOPE_UNWunw_scope_getcontext unw_scope_getcontext
SCOPE_UNW_GLOBAL_OFFSET_TABLE_ _GLOBAL_OFFSET_TABLE_
